./src/intersim2/rng-double.c
./src/intersim2/rng.c
./build/gcc-4.4.7/cuda-4020/release/cuobjdump_to_ptxplus/ptx.tab.c
./build/gcc-4.4.7/cuda-4020/release/cuobjdump_to_ptxplus/lex.ptx_.c
./build/gcc-4.4.7/cuda-4020/release/libcuda/cuobjdump_lexer.c
./build/gcc-4.4.7/cuda-4020/release/libcuda/cuobjdump_parser.c
./build/gcc-4.4.7/cuda-4020/release/intersim2/lex.yy.c
./build/gcc-4.4.7/cuda-4020/release/intersim2/y.tab.c
./build/gcc-4.4.7/cuda-4020/release/cuda-sim/ptx.tab.c
./build/gcc-4.4.7/cuda-4020/release/cuda-sim/ptxinfo.tab.c
./build/gcc-4.4.7/cuda-4020/release/cuda-sim/lex.ptxinfo_.c
./build/gcc-4.4.7/cuda-4020/release/cuda-sim/lex.ptx_.c
./build/gcc-4.4.7/cuda-4020/debug/cuobjdump_to_ptxplus/ptx.tab.c
./build/gcc-4.4.7/cuda-4020/debug/cuobjdump_to_ptxplus/lex.ptx_.c
./build/gcc-4.4.7/cuda-4020/debug/libcuda/cuobjdump_lexer.c
./build/gcc-4.4.7/cuda-4020/debug/libcuda/cuobjdump_parser.c
./build/gcc-4.4.7/cuda-4020/debug/intersim2/lex.yy.c
./build/gcc-4.4.7/cuda-4020/debug/intersim2/y.tab.c
./build/gcc-4.4.7/cuda-4020/debug/cuda-sim/ptx.tab.c
./build/gcc-4.4.7/cuda-4020/debug/cuda-sim/ptxinfo.tab.c
./build/gcc-4.4.7/cuda-4020/debug/cuda-sim/lex.ptxinfo_.c
./build/gcc-4.4.7/cuda-4020/debug/cuda-sim/lex.ptx_.c
./src/intersim2/intersim_config.cpp
./src/intersim2/arbiters/arbiter.cpp
./src/intersim2/arbiters/tree_arb.cpp
./src/intersim2/arbiters/matrix_arb.cpp
./src/intersim2/arbiters/roundrobin_arb.cpp
./src/intersim2/arbiters/prio_arb.cpp
./src/intersim2/buffer_state.cpp
./src/intersim2/flit.cpp
./src/intersim2/power/power_module.cpp
./src/intersim2/power/switch_monitor.cpp
./src/intersim2/power/buffer_monitor.cpp
./src/intersim2/config_utils.cpp
./src/intersim2/outputset.cpp
./src/intersim2/flitchannel.cpp
./src/intersim2/batchtrafficmanager.cpp
./src/intersim2/main.cpp
./src/intersim2/rng_wrapper.cpp
./src/intersim2/packet_reply_info.cpp
./src/intersim2/allocators/selalloc.cpp
./src/intersim2/allocators/separable_output_first.cpp
./src/intersim2/allocators/pim.cpp
./src/intersim2/allocators/allocator.cpp
./src/intersim2/allocators/maxsize.cpp
./src/intersim2/allocators/loa.cpp
./src/intersim2/allocators/separable_input_first.cpp
./src/intersim2/allocators/separable.cpp
./src/intersim2/allocators/wavefront.cpp
./src/intersim2/allocators/islip.cpp
./src/intersim2/booksim_config.cpp
./src/intersim2/misc_utils.cpp
./src/intersim2/vc.cpp
./src/intersim2/rng_double_wrapper.cpp
./src/intersim2/networks/fly.cpp
./src/intersim2/networks/fattree.cpp
./src/intersim2/networks/kncube.cpp
./src/intersim2/networks/anynet.cpp
./src/intersim2/networks/dragonfly.cpp
./src/intersim2/networks/flatfly_onchip.cpp
./src/intersim2/networks/cmesh.cpp
./src/intersim2/networks/network.cpp
./src/intersim2/networks/qtree.cpp
./src/intersim2/networks/tree4.cpp
./src/intersim2/stats.cpp
./src/intersim2/credit.cpp
./src/intersim2/routefunc.cpp
./src/intersim2/module.cpp
./src/intersim2/gputrafficmanager.cpp
./src/intersim2/routers/event_router.cpp
./src/intersim2/routers/router.cpp
./src/intersim2/routers/iq_router.cpp
./src/intersim2/routers/chaos_router.cpp
./src/intersim2/trafficmanager.cpp
./src/intersim2/interconnect_interface.cpp
./src/intersim2/injection.cpp
./src/intersim2/buffer.cpp
./src/intersim2/traffic.cpp
./src/trace.h
./src/gpgpusim_entrypoint.h
./src/gpgpu-sim/l2cache_trace.h
./src/gpgpu-sim/stack.h
./src/gpgpu-sim/mem_latency_stat.h
./src/gpgpu-sim/histogram.h
./src/gpgpu-sim/shader_trace.h
./src/gpgpu-sim/traffic_breakdown.h
./src/gpgpu-sim/delayqueue.h
./src/gpgpu-sim/visualizer.h
./src/gpgpu-sim/gpu-sim.h
./src/gpgpu-sim/l2cache.h
./src/gpgpu-sim/gpu-misc.h
./src/gpgpu-sim/icnt_wrapper.h
./src/gpgpu-sim/power_interface.h
./src/gpgpu-sim/mem_fetch.h
./src/gpgpu-sim/power_stat.h
./src/gpgpu-sim/dram_sched.h
./src/gpgpu-sim/shader.h
./src/gpgpu-sim/gpu-cache.h
./src/gpgpu-sim/scoreboard.h
./src/gpgpu-sim/dram.h
./src/gpgpu-sim/stats.h
./src/gpgpu-sim/addrdec.h
./src/gpgpu-sim/stat-tool.h
./src/gpuwattch/globalvar.h
./src/gpuwattch/gpgpu_sim_wrapper.h
./src/gpuwattch/noc.h
./src/gpuwattch/processor.h
./src/gpuwattch/core.h
./src/gpuwattch/xmlParser.h
./src/gpuwattch/iocontrollers.h
./src/gpuwattch/arch_const.h
./src/gpuwattch/XML_Parse.h
./src/gpuwattch/interconnect.h
./src/gpuwattch/logic.h
./src/gpuwattch/basic_components.h
./src/gpuwattch/version.h
./src/gpuwattch/cacti/arbiter.h
./src/gpuwattch/cacti/const.h
./src/gpuwattch/cacti/htree2.h
./src/gpuwattch/cacti/cacti_interface.h
./src/gpuwattch/cacti/Ucache.h
./src/gpuwattch/cacti/parameter.h
./src/gpuwattch/cacti/crossbar.h
./src/gpuwattch/cacti/area.h
./src/gpuwattch/cacti/highradix.h
./src/gpuwattch/cacti/basic_circuit.h
./src/gpuwattch/cacti/subarray.h
./src/gpuwattch/cacti/nuca.h
./src/gpuwattch/cacti/bank.h
./src/gpuwattch/cacti/decoder.h
./src/gpuwattch/cacti/mat.h
./src/gpuwattch/cacti/uca.h
./src/gpuwattch/cacti/io.h
./src/gpuwattch/cacti/wire.h
./src/gpuwattch/cacti/component.h
./src/gpuwattch/cacti/router.h
./src/gpuwattch/sharedcache.h
./src/gpuwattch/memoryctrl.h
./src/gpuwattch/array.h
./src/abstract_hardware_model.h
./src/option_parser.h
./src/cuda-sim/ptx_ir.h
./src/cuda-sim/cuda-sim.h
./src/cuda-sim/cuda_device_runtime.h
./src/cuda-sim/cuda_device_printf.h
./src/cuda-sim/ptx_parser.h
./src/cuda-sim/ptx-stats.h
./src/cuda-sim/ptx_loader.h
./src/cuda-sim/memory.h
./src/cuda-sim/ptx_sim.h
./src/cuda-sim/decuda_pred_table/decuda_pred_table.h
./src/cuda-sim/opcodes.h
./src/cuda-sim/cuda-math.h
./src/statwrapper.h
./src/debug.h
./src/tr1_hash_map.h
./src/stream_manager.h
./build/gcc-4.4.7/cuda-4020/release/cuobjdump_to_ptxplus/ptx.tab.h
./build/gcc-4.4.7/cuda-4020/release/libcuda/cuobjdump_parser.h
./build/gcc-4.4.7/cuda-4020/release/intersim2/y.tab.h
./build/gcc-4.4.7/cuda-4020/release/cuda-sim/instructions.h
./build/gcc-4.4.7/cuda-4020/release/cuda-sim/ptx.tab.h
./build/gcc-4.4.7/cuda-4020/release/cuda-sim/ptxinfo.tab.h
./build/gcc-4.4.7/cuda-4020/debug/cuobjdump_to_ptxplus/ptx.tab.h
./build/gcc-4.4.7/cuda-4020/debug/libcuda/cuobjdump_parser.h
./build/gcc-4.4.7/cuda-4020/debug/intersim2/y.tab.h
./build/gcc-4.4.7/cuda-4020/debug/cuda-sim/instructions.h
./build/gcc-4.4.7/cuda-4020/debug/cuda-sim/ptx.tab.h
./build/gcc-4.4.7/cuda-4020/debug/cuda-sim/ptxinfo.tab.h
./cuobjdump_to_ptxplus/ptx_parser.h
./cuobjdump_to_ptxplus/cuobjdumpInst.h
./cuobjdump_to_ptxplus/cuobjdumpInstList.h
./src/abstract_hardware_model.cc
./src/option_parser.cc
./src/gpgpu-sim/stat-tool.cc
./src/gpgpu-sim/gpu-cache.cc
./src/gpgpu-sim/mem_fetch.cc
./src/gpgpu-sim/icnt_wrapper.cc
./src/gpgpu-sim/gpu-misc.cc
./src/gpgpu-sim/traffic_breakdown.cc
./src/gpgpu-sim/gpu-sim.cc
./src/gpgpu-sim/addrdec.cc
./src/gpgpu-sim/dram.cc
./src/gpgpu-sim/dram_sched.cc
./src/gpgpu-sim/stack.cc
./src/gpgpu-sim/l2cache.cc
./src/gpgpu-sim/shader.cc
./src/gpgpu-sim/power_stat.cc
./src/gpgpu-sim/scoreboard.cc
./src/gpgpu-sim/visualizer.cc
./src/gpgpu-sim/mem_latency_stat.cc
./src/gpgpu-sim/power_interface.cc
./src/gpgpu-sim/histogram.cc
./src/stream_manager.cc
./src/gpuwattch/technology_xeon_core.cc
./src/gpuwattch/memoryctrl.cc
./src/gpuwattch/XML_Parse.cc
./src/gpuwattch/iocontrollers.cc
./src/gpuwattch/logic.cc
./src/gpuwattch/basic_components.cc
./src/gpuwattch/array.cc
./src/gpuwattch/core.cc
./src/gpuwattch/noc.cc
./src/gpuwattch/main.cc
./src/gpuwattch/xmlParser.cc
./src/gpuwattch/gpgpu_sim_wrapper.cc
./src/gpuwattch/sharedcache.cc
./src/gpuwattch/interconnect.cc
./src/gpuwattch/cacti/mat.cc
./src/gpuwattch/cacti/crossbar.cc
./src/gpuwattch/cacti/decoder.cc
./src/gpuwattch/cacti/nuca.cc
./src/gpuwattch/cacti/arbiter.cc
./src/gpuwattch/cacti/htree2.cc
./src/gpuwattch/cacti/router.cc
./src/gpuwattch/cacti/io.cc
./src/gpuwattch/cacti/parameter.cc
./src/gpuwattch/cacti/highradix.cc
./src/gpuwattch/cacti/uca.cc
./src/gpuwattch/cacti/technology.cc
./src/gpuwattch/cacti/Ucache.cc
./src/gpuwattch/cacti/basic_circuit.cc
./src/gpuwattch/cacti/component.cc
./src/gpuwattch/cacti/main.cc
./src/gpuwattch/cacti/area.cc
./src/gpuwattch/cacti/cacti_interface.cc
./src/gpuwattch/cacti/wire.cc
./src/gpuwattch/cacti/bank.cc
./src/gpuwattch/cacti/subarray.cc
./src/gpuwattch/processor.cc
./src/cuda-sim/ptx_parser.cc
./src/cuda-sim/memory.cc
./src/cuda-sim/cuda_device_printf.cc
./src/cuda-sim/ptx_ir.cc
./src/cuda-sim/ptx_loader.cc
./src/cuda-sim/cuda-sim.cc
./src/cuda-sim/decuda_pred_table/decuda_pred_table.cc
./src/cuda-sim/ptx-stats.cc
./src/cuda-sim/instructions.cc
./src/cuda-sim/ptx_sim.cc
./src/cuda-sim/cuda_device_runtime.cc
./src/debug.cc
./src/statwrapper.cc
./src/trace.cc
./src/gpgpusim_entrypoint.cc
./build/gcc-4.4.7/cuda-4020/release/cuobjdump_to_ptxplus/sass_parser.cc
./build/gcc-4.4.7/cuda-4020/release/cuobjdump_to_ptxplus/elf_parser.cc
./build/gcc-4.4.7/cuda-4020/release/cuobjdump_to_ptxplus/header_lexer.cc
./build/gcc-4.4.7/cuda-4020/release/cuobjdump_to_ptxplus/header_parser.cc
./build/gcc-4.4.7/cuda-4020/release/cuobjdump_to_ptxplus/sass_lexer.cc
./build/gcc-4.4.7/cuda-4020/release/cuobjdump_to_ptxplus/elf_lexer.cc
./build/gcc-4.4.7/cuda-4020/debug/cuobjdump_to_ptxplus/sass_parser.cc
./build/gcc-4.4.7/cuda-4020/debug/cuobjdump_to_ptxplus/elf_parser.cc
./build/gcc-4.4.7/cuda-4020/debug/cuobjdump_to_ptxplus/header_lexer.cc
./build/gcc-4.4.7/cuda-4020/debug/cuobjdump_to_ptxplus/header_parser.cc
./build/gcc-4.4.7/cuda-4020/debug/cuobjdump_to_ptxplus/sass_lexer.cc
./build/gcc-4.4.7/cuda-4020/debug/cuobjdump_to_ptxplus/elf_lexer.cc
./cuobjdump_to_ptxplus/cuobjdumpInst.cc
./cuobjdump_to_ptxplus/cuobjdumpInstList.cc
./cuobjdump_to_ptxplus/cuobjdump_to_ptxplus.cc
./libcuda/cuda_runtime_api.cc
./libopencl/nvopencl_wrapper.cc
./libopencl/opencl_runtime_api.cc
